C51 COMPILER V7.50   DISPATCH                                                              09/18/2014 23:12:09 PAGE 1   


C51 COMPILER V7.50, COMPILATION OF MODULE DISPATCH
OBJECT MODULE PLACED IN .\output\dispatch.obj
COMPILER INVOKED BY: C:\Keil\C51\BIN\C51.EXE source\dispatch.c LARGE BROWSE INCDIR(.\include\) DEBUG OBJECTEXTEND PRINT(
                    -.\listing\dispatch.lst) OBJECT(.\output\dispatch.obj)

line level    source

   1          #include <reg52.h>
   2          #include <parameter.h>
   3          #include <intrins.h>
   4          #include <dispatch.h>
   5          
   6          unsigned char ManiDispatchSteps = 0;
   7          
   8          unsigned char SubDispatchGo1FloorSteps = 0;     
   9          unsigned char SubDispatchGo2FloorSteps = 0;
  10          
  11          unsigned int SubDispatchGo1FloorTimer = 0;
  12          unsigned int SubDispatchGo2FloorTimer = 0;
  13          
  14          unsigned char delayTime = 100;
  15          
  16          void checkSensor()
  17          {
  18   1              if(sensorLimit == 1 || sensorEmergency == 0 || SensorStop == 1 || sensor402 == 1)
  19   1              {
  20   2                      ManiDispatchSteps = 0;  
  21   2              }
  22   1      }
  23          
  24          /*主调度程序*/
  25          // 0    空操作，
  26          // 1    电梯厢到1楼
  27          // 3    电梯厢到2楼
  28          
  29          void ManiDispatch(void)
  30          {
  31   1              checkSensor();
  32   1              switch(ManiDispatchSteps)
  33   1              {
  34   2                      case 0: 
  35   2                              IO_init();
  36   2                              SubDispatchGo1FloorSteps = 0;
  37   2                              SubDispatchGo2FloorSteps = 0;   
  38   2                      break;
  39   2                      case 1:
  40   2                              SubDispatchGo1FloorSteps = 1;
  41   2                              Led601 = 0;     //一楼按钮指示灯；
  42   2                              ManiDispatchSteps ++;
  43   2                      break;
  44   2                      case 2:
  45   2                              if(SubDispatchGo1FloorSteps == 0)
  46   2                              {
  47   3                                      ManiDispatchSteps = 0;  
  48   3                              }
  49   2                      break;
  50   2                      case 3:
  51   2                              SubDispatchGo2FloorSteps = 1;
  52   2                              Led602 = 0;     //二楼按钮指示灯
  53   2                              ManiDispatchSteps ++;
  54   2                      break;
C51 COMPILER V7.50   DISPATCH                                                              09/18/2014 23:12:09 PAGE 2   

  55   2                      case 4:
  56   2                              if(SubDispatchGo2FloorSteps == 0)
  57   2                              {
  58   3                                      ManiDispatchSteps = 0;
  59   3                              }
  60   2                      break;
  61   2                      default:
  62   2                               _nop_();
  63   2              }
  64   1      }
  65          
  66          /*电梯厢到一楼调度程序*/
  67          // 0    空操作，调度未开始
  68          // 1    延迟一定时间,关闭2楼电梯门
  69          // 2    门关闭之后，延迟一段时间
  70          // 3    延迟时间到，电梯厢向下
  71          // 4    电梯厢到一楼，延迟一段时间
  72          // 5    延迟时间到，打开1楼电梯门
  73          // 6    门打开之后，操作完成
  74          void SubDispatchGo1Floor(void)
  75          {
  76   1              switch(SubDispatchGo1FloorSteps)
  77   1              {
  78   2                      case 0: 
  79   2                              SubDispatchGo1FloorTimer = 0;
  80   2                      break;
  81   2                      case 1: 
  82   2                              if(SubDispatchGo1FloorTimer > delayTime)
  83   2                              {
  84   3                                      if(sensorFloor1 == 0)  //如果电梯厢在一楼
  85   3                                      {
  86   4                                              SubDispatchGo1FloorTimer = 0;
  87   4                                              SubDispatchGo1FloorSteps = 5; //直接开一楼的门
  88   4                                      }
  89   3                                      else if(sensorDoorbelow == 0)  //如果电梯厢不在一楼并且1楼和2楼的门都是关闭的
  90   3                                      {
  91   4                                              SubDispatchGo1FloorTimer = 0;
  92   4                                              SubDispatchGo1FloorSteps = 3;  //电梯直接去一楼
  93   4                                      }
  94   3                                      else
  95   3                                      {
  96   4                                              DoorClose = 0;                          //先关二楼的门，再去一楼
  97   4                                              DoorFloor2 = 0;
  98   4                                              SubDispatchGo1FloorSteps ++;  
  99   4                                      }
 100   3                              }
 101   2                      break;
 102   2                      case 2: 
 103   2                              if(sensorDoorbelow == 0)
 104   2                              {
 105   3                                      DoorClose = 1;
 106   3                                      DoorFloor2 = 1;
 107   3                                      SubDispatchGo1FloorTimer = 0;
 108   3                                      SubDispatchGo1FloorSteps ++;
 109   3                              }
 110   2                      break;
 111   2                      case 3: 
 112   2                              if(SubDispatchGo1FloorTimer > delayTime)
 113   2                              {
 114   3                                      BoxDown = 0;
 115   3                                      ledDS152 = 1; //关闭2层指示灯
 116   3                                      ledX = 0;  //电梯向下指示灯
C51 COMPILER V7.50   DISPATCH                                                              09/18/2014 23:12:09 PAGE 3   

 117   3                                      SubDispatchGo1FloorSteps ++;
 118   3                              }
 119   2                      break;
 120   2                      case 4: 
 121   2                              if(sensorFloor1 == 0)
 122   2                              {
 123   3                                      BoxDown = 1;
 124   3                                      ledDS151  = 0; //打开1层指示灯
 125   3                                      ledX = 1;  //电梯向下指示灯
 126   3                                      SubDispatchGo1FloorTimer = 0;
 127   3                                      SubDispatchGo1FloorSteps ++;
 128   3                              }
 129   2                      break;
 130   2                      case 5: 
 131   2                              if(SubDispatchGo1FloorTimer > delayTime)
 132   2                              {
 133   3                                      DoorOpen = 0;
 134   3                                      DoorFloor1 = 0;
 135   3                                      SubDispatchGo1FloorSteps ++;
 136   3                              }
 137   2                      break;
 138   2                      case 6: 
 139   2                              if(sensorDoortop == 1)
 140   2                              {
 141   3                                      DoorOpen = 1;
 142   3                                      DoorFloor1 = 1;
 143   3                                      SubDispatchGo1FloorSteps = 0;
 144   3                              }
 145   2                      break;
 146   2                      default:
 147   2                               _nop_();
 148   2              }
 149   1      }
 150          
 151          
 152          /*电梯厢到二楼调度程序*/
 153          // 0    空操作，调度未开始
 154          // 1    延迟一定时间,关闭1楼电梯门
 155          // 2    门关闭之后，延迟一段时间
 156          // 3    延迟时间到，电梯厢向上
 157          // 4    电梯厢到二楼，延迟一段时间
 158          // 5    延迟时间到，打开2楼电梯门
 159          // 6    门打开之后，操作完成
 160          
 161          void SubDispatchGo2Floor(void)
 162          {
 163   1              switch(SubDispatchGo2FloorSteps)
 164   1              {
 165   2                      case 0: 
 166   2                              SubDispatchGo2FloorTimer = 0;
 167   2                      break;
 168   2                      case 1: 
 169   2                              if(SubDispatchGo2FloorTimer > delayTime)
 170   2                              {
 171   3                                      if(sensorFloor2 == 0) //如果电梯厢在二楼
 172   3                                      {
 173   4                                              SubDispatchGo2FloorTimer = 0;
 174   4                                              SubDispatchGo2FloorSteps = 5;//直接开二楼的门
 175   4                                      }
 176   3                                      else if(sensorDoorbelow == 0) //如果电梯厢不在二楼，并且1楼2楼门是关闭的
 177   3                                      {
 178   4                                              SubDispatchGo2FloorTimer = 0;
C51 COMPILER V7.50   DISPATCH                                                              09/18/2014 23:12:09 PAGE 4   

 179   4                                              SubDispatchGo2FloorSteps = 3;  //电梯直接去二楼
 180   4                                      }
 181   3                                      else
 182   3                                      {
 183   4                                              DoorClose = 0;                    //先关一楼门再去二楼
 184   4                                              DoorFloor1 = 0;
 185   4                                              SubDispatchGo2FloorSteps ++;
 186   4                                      }
 187   3                              }
 188   2                      break;
 189   2                      case 2: 
 190   2                              if(sensorDoorbelow == 0)
 191   2                              {
 192   3                                      DoorClose = 1;
 193   3                                      DoorFloor1 = 1;
 194   3                                      SubDispatchGo2FloorTimer = 0;
 195   3                                      SubDispatchGo2FloorSteps ++;
 196   3                              }
 197   2                      break;
 198   2                      case 3: 
 199   2                              if(SubDispatchGo2FloorTimer > delayTime)
 200   2                              {
 201   3                                      BoxUp = 0;
 202   3                                      ledDS151  = 1; //关闭1层指示灯
 203   3                                      ledS  = 0; //向上指示灯
 204   3                                      SubDispatchGo2FloorSteps ++;
 205   3                              }
 206   2                      break;
 207   2                      case 4: 
 208   2                              if(sensorFloor2 == 0)
 209   2                              {
 210   3                                      BoxUp = 1;
 211   3                                      ledDS152 = 0; //打开2层指示灯
 212   3                                      ledS  = 1; //向上指示灯
 213   3                                      SubDispatchGo2FloorTimer = 0;
 214   3                                      SubDispatchGo2FloorSteps ++;
 215   3                              }
 216   2                      break;
 217   2                      case 5: 
 218   2                              if(SubDispatchGo2FloorTimer > delayTime)
 219   2                              {
 220   3                                      DoorOpen = 0;
 221   3                                      DoorFloor2 = 0;
 222   3                                      SubDispatchGo2FloorSteps ++;
 223   3                              }
 224   2                      break;
 225   2                      case 6: 
 226   2                              if(sensorDoortop == 1)
 227   2                              {
 228   3                                      DoorOpen = 1;
 229   3                                      DoorFloor2 = 1;
 230   3                                      SubDispatchGo2FloorSteps = 0;
 231   3                              }
 232   2                      break;
 233   2                      default:
 234   2                               _nop_();
 235   2              }
 236   1      }
 237          


MODULE INFORMATION:   STATIC OVERLAYABLE
C51 COMPILER V7.50   DISPATCH                                                              09/18/2014 23:12:09 PAGE 5   

   CODE SIZE        =    524    ----
   CONSTANT SIZE    =   ----    ----
   XDATA SIZE       =      8    ----
   PDATA SIZE       =   ----    ----
   DATA SIZE        =   ----    ----
   IDATA SIZE       =   ----    ----
   BIT SIZE         =   ----    ----
END OF MODULE INFORMATION.


C51 COMPILATION COMPLETE.  0 WARNING(S),  0 ERROR(S)
