C51 COMPILER V7.50   PARAMETER                                                             09/17/2014 15:48:49 PAGE 1   


C51 COMPILER V7.50, COMPILATION OF MODULE PARAMETER
OBJECT MODULE PLACED IN .\output\parameter.obj
COMPILER INVOKED BY: C:\Keil\C51\BIN\C51.EXE source\parameter.c LARGE BROWSE INCDIR(.\include\) DEBUG OBJECTEXTEND PRINT
                    -(.\listing\parameter.lst) OBJECT(.\output\parameter.obj)

line level    source

   1          /***************************************************************************/
   2          // 程序：清洗设备控制器
   3          // 模块：参数
   4          // 文件：parameter.c
   5          // 作者：卜晓旸
   6          // 版本：V0.02
   7          // 日期：2013年11月8日
   8          // 功能：参数
   9          // 芯片：STC12C5A60S2
  10          // 编译：Keil uVision3 V3.90
  11          /***************************************************************************/
  12          
  13          #include <parameter.h>
  14          #include <eeprom.h>
  15          
  16          
  17          /***************************************************************************/
  18          // 参数初始化函数
  19          // 参数：无
  20          // 返回值：无   
  21          /***************************************************************************/
  22          void IO_init()
  23          {
  24   1              DoorOpen = 1;             //激活卷门开门输出         Y0
  25   1              DoorClose = 1;            //激活卷门关门输出         Y1
  26   1              DoorFloor1 = 1;         //一楼卷门激活             Y2
  27   1              DoorFloor2 = 1;           //二楼卷门激活             Y3
  28   1              BoxUp   = 1;              //油泵电梯轿厢向上推       Y4
  29   1              BoxDown = 1;              //油泵电梯轿厢向下推       Y5
  30   1              
  31   1              if(sensorFloor1)
  32   1              {
  33   2                      ledDS151  = 0;            //电梯指示灯1              Y6
  34   2              }
  35   1              else
  36   1              {
  37   2                      ledDS151  = 1;  
  38   2              }
  39   1              
  40   1              if(sensorFloor2)
  41   1              {
  42   2                      ledDS152 = 0;             //电梯指示灯2              Y7
  43   2              }
  44   1              else
  45   1              {
  46   2                      ledDS152 = 1;
  47   2              }
  48   1              ledS  = 1;                //指示灯 箭头向上              Y10
  49   1              ledX = 1;                 //指示灯 箭头向下              Y11
  50   1              Led601  = 1;              //指示灯按钮①             Y12
  51   1              Led602 = 1;               //指示灯按钮②             Y13
  52   1      }
  53          
  54          
C51 COMPILER V7.50   PARAMETER                                                             09/17/2014 15:48:49 PAGE 2   

  55          


MODULE INFORMATION:   STATIC OVERLAYABLE
   CODE SIZE        =     39    ----
   CONSTANT SIZE    =   ----    ----
   XDATA SIZE       =   ----    ----
   PDATA SIZE       =   ----    ----
   DATA SIZE        =   ----    ----
   IDATA SIZE       =   ----    ----
   BIT SIZE         =   ----    ----
END OF MODULE INFORMATION.


C51 COMPILATION COMPLETE.  0 WARNING(S),  0 ERROR(S)
