C51 COMPILER V7.50   TIMER                                                                 10/09/2014 17:05:54 PAGE 1   


C51 COMPILER V7.50, COMPILATION OF MODULE TIMER
OBJECT MODULE PLACED IN .\output\timer.obj
COMPILER INVOKED BY: C:\Keil\C51\BIN\C51.EXE source\timer.c LARGE BROWSE INCDIR(.\include\) DEBUG OBJECTEXTEND PRINT(.\l
                    -isting\timer.lst) OBJECT(.\output\timer.obj)

line level    source

   1          #include <timer.h>
   2          #include <reg52.h>
   3          #include <intrins.h>
   4          #include <parameter.h>
   5          #include <key.h>
   6          #include <dispatch.h>
   7          
   8          typedef unsigned char BYTE;
   9          typedef unsigned int WORD;
  10          
  11          //-----------------------------------------------
  12          
  13          /* define constants */
  14          #define FOSC 11059200L
  15          //#define MODE1T                      //Timer clock mode, comment this line is 12T mode, uncomment is 1T m
             -ode
  16          
  17          #ifdef MODE1T
              #define T1MS (65536-FOSC/1000)      //1ms timer calculation method in 1T mode
              #else
  20          #define T1MS (65536-FOSC/12/1000)   //1ms timer calculation method in 12T mode
  21          #endif
  22          
  23          
  24          /* define variables */
  25          WORD count;                         //1000 times counter
  26          
  27          //-----------------------------------------------
  28          
  29          /* Timer0 interrupt routine */
  30          void tm0_isr() interrupt 1 using 1
  31          {
  32   1          TL0 = T1MS;                     //reload timer0 low byte
  33   1          TH0 = T1MS >> 8;                //reload timer0 high byte
  34   1          if (count-- == 0)               //10ms
  35   1          {
  36   2              count = 9;               //reset counter
  37   2                      SubDispatchGo1FloorTimer ++;
  38   2                      SubDispatchGo2FloorTimer ++;
  39   2              //TestOut = ! TestOut;
  40   2                      Key_Scan();
  41   2                      checkSensor();
  42   2          }
  43   1      }
  44          
  45          //-----------------------------------------------
  46          
  47          /* main program */
  48          void timer_init()
  49          {
  50   1      #ifdef MODE1T
                  AUXR = 0x80;                    //timer0 work in 1T mode
              #endif
  53   1          TMOD = 0x01;                    //set timer0 as mode1 (16-bit)
C51 COMPILER V7.50   TIMER                                                                 10/09/2014 17:05:54 PAGE 2   

  54   1          TL0 = T1MS;                     //initial timer0 low byte
  55   1          TH0 = T1MS >> 8;                //initial timer0 high byte
  56   1          TR0 = 1;                        //timer0 start running
  57   1          ET0 = 1;                        //enable timer0 interrupt
  58   1          EA = 1;                         //open global interrupt switch
  59   1          count = 0;                      //initial counter
  60   1      }
  61          


MODULE INFORMATION:   STATIC OVERLAYABLE
   CODE SIZE        =    109    ----
   CONSTANT SIZE    =   ----    ----
   XDATA SIZE       =      2    ----
   PDATA SIZE       =   ----    ----
   DATA SIZE        =   ----    ----
   IDATA SIZE       =   ----    ----
   BIT SIZE         =   ----    ----
END OF MODULE INFORMATION.


C51 COMPILATION COMPLETE.  0 WARNING(S),  0 ERROR(S)
